2026-09-26T10:56:36Z relay vn1hy=426 vn2hy=426 | start=1 stop=1 rebuild=2 khongCho=2 | default=utun8,en0,
2026-09-26T10:57:37Z relay vn1hy=426 vn2hy=426 | start=1 stop=1 rebuild=2 khongCho=2 | default=utun8,en0,
2026-09-26T10:58:38Z relay vn1hy=426 vn2hy=426 | start=1 stop=1 rebuild=2 khongCho=2 | default=utun8,en0,
2026-09-26T10:59:40Z relay vn1hy=426 vn2hy=426 | start=1 stop=1 rebuild=2 khongCho=2 | default=utun8,en0,
2026-09-26T11:00:40Z relay vn1hy=000 vn2hy=000 | start=2 stop=2 rebuild=2 khongCho=2 | default=en0,
2026-09-26T11:01:41Z relay vn1hy=426 vn2hy=426 | start=2 stop=2 rebuild=2 khongCho=2 | default=utun7,en0,
2026-09-26T11:02:43Z relay vn1hy=426 vn2hy=426 | start=2 stop=2 rebuild=2 khongCho=2 | default=utun7,en0,
2026-09-26T11:03:44Z relay vn1hy=426 vn2hy=426 | start=2 stop=2 rebuild=2 khongCho=2 | default=utun7,en0,
2026-09-26T11:04:45Z relay vn1hy=426 vn2hy=426 | start=2 stop=2 rebuild=2 khongCho=2 | default=utun7,en0,
2026-09-26T11:05:46Z relay vn1hy=426 vn2hy=426 | start=2 stop=2 rebuild=2 khongCho=2 | default=utun7,en0,
2026-09-26T11:06:47Z relay vn1hy=426 vn2hy=426 | start=2 stop=2 rebuild=2 khongCho=2 | default=en0,
2026-09-26T11:07:50Z relay vn1hy=426 vn2hy=426 | start=2 stop=2 rebuild=0
0 khongCho=0
0 | default=en0,
2026-09-26T11:08:53Z relay vn1hy=426 vn2hy=426 | start=2 stop=2 rebuild=0
0 khongCho=0
0 | default=en0,
2026-09-26T11:09:54Z relay vn1hy=426 vn2hy=426 | start=2 stop=1 rebuild=0
0 khongCho=0
0 | default=utun7,en0,
2026-09-26T11:10:55Z relay vn1hy=426 vn2hy=426 | start=2 stop=1 rebuild=0
0 khongCho=0
0 | default=utun7,en0,
2026-09-26T11:11:56Z relay vn1hy=426 vn2hy=426 | start=1 stop=0
0 rebuild=0
0 khongCho=0
0 | default=utun7,en0,
2026-09-26T11:12:57Z relay vn1hy=426 vn2hy=426 | start=1 stop=0
0 rebuild=0
0 khongCho=0
0 | default=utun7,en0,
2026-09-26T11:13:58Z relay vn1hy=426 vn2hy=426 | start=0
0 stop=0
0 rebuild=0
0 khongCho=0
0 | default=utun7,en0,
2026-09-26T11:14:59Z relay vn1hy=426 vn2hy=426 | start=0
0 stop=0
0 rebuild=0
0 khongCho=0
0 | default=utun7,en0,
2026-09-26T11:16:00Z relay vn1hy=426 vn2hy=426 | start=0
0 stop=0
0 rebuild=0
0 khongCho=0
0 | default=utun7,en0,
2026-09-26T11:17:00Z relay vn1hy=426 vn2hy=426 | start=0
0 stop=0
0 rebuild=0
0 khongCho=0
0 | default=utun7,en0,
2026-09-26T11:18:02Z relay vn1hy=426 vn2hy=426 | start=0
0 stop=0
0 rebuild=0
0 khongCho=0
0 | default=utun7,en0,
2026-09-26T11:19:04Z relay vn1hy=426 vn2hy=426 | start=0
0 stop=0
0 rebuild=0
0 khongCho=0
0 | default=utun8,en0,
2026-09-26T11:20:06Z relay vn1hy=426 vn2hy=426 | start=0
0 stop=0
0 rebuild=0
0 khongCho=0
0 | default=utun8,en0,
2026-09-26T11:21:08Z relay vn1hy=426 vn2hy=426 | start=0
0 stop=0
0 rebuild=0
0 khongCho=0
0 | default=utun8,en0,
2026-09-26T11:22:10Z relay vn1hy=426 vn2hy=426 | start=0
0 stop=0
0 rebuild=0
0 khongCho=0
0 | default=utun8,en0,
2026-09-26T11:23:16Z relay vn1hy=426 vn2hy=426 | start=0
0 stop=0
0 rebuild=0
0 khongCho=0
0 | default=utun8,en0,
2026-09-26T11:24:17Z relay vn1hy=426 vn2hy=426 | start=0
0 stop=0
0 rebuild=0
0 khongCho=0
0 | default=utun8,en0,
2026-09-26T11:25:19Z relay vn1hy=426 vn2hy=426 | start=0
0 stop=0
0 rebuild=0
0 khongCho=0
0 | default=utun8,en0,
2026-09-26T11:26:21Z relay vn1hy=426 vn2hy=426 | start=0
0 stop=0
0 rebuild=0
0 khongCho=0
0 | default=utun8,en0,
monitor xong 2026-09-26T11:27:21Z
