# Evidence — iOS Ad Hoc OTA: tự đăng ký UDID lên Apple + email "bản cài sẵn sàng"

date: 2026-09-15 (giờ VN) · tiếp nối bản deploy sáng nay

## 1. Tự đăng ký UDID qua App Store Connect API (thay thao tác tay)
- Module mới `control-plane/src/apple-devices.js`:
  - `signAscToken()` — JWT **ES256** (header `alg/kid/typ`, payload `iss/iat/exp/aud=appstoreconnect-v1`, hạn 15 phút).
  - `derToJose()` — chuyển chữ ký DER của Node sang raw `r||s` 64 byte (không có bước này Apple trả 401).
  - `registerDeviceWithApple()` / `listAppleDevices()` — gọi API, 409 = "đã có trên Apple" (không phải lỗi).
  - `AppleCredentialStore` — lưu `.p8` bằng file quyền **0600**, `status()` KHÔNG bao giờ trả khoá.
- Endpoint mới (đều `requireAdminAuth`):
  - `GET    /v1/admin/ios/apple`
  - `POST   /v1/admin/ios/apple/credentials` (lưu khoá + gọi thử Apple ngay để báo sai khoá)
  - `DELETE /v1/admin/ios/apple/credentials`
  - `POST   /v1/admin/ios/devices/:udid/register-apple`
  - `POST   /v1/admin/ios/apple/register-pending` (đăng ký hàng loạt máy chưa có)
- Dashboard tab **iOS UDID**: panel App Store Connect (nạp/xoá khoá, trạng thái kết nối), cột "Apple",
  nút "→ Apple" từng máy, nút "Đăng ký tất cả lên Apple".
- Khách đăng ký máy (callback) ⇒ **tự đẩy UDID lên Apple** nếu đã có khoá; lỗi Apple ghi vào
  `appleError` để dashboard thấy, KHÔNG làm khách thất bại.

## 2. Email "bản cài đã sẵn sàng" (vi/en/zh)
- `mailer.js`: `renderIosInstallReadyEmail()` + `sendIosInstallReadyEmail()` — có link cài, đuôi UDID,
  hướng dẫn **Trust certificate**.
- Sau khi máy Mac ký lại IPA (`POST /v1/admin/ios/devices/built`) ⇒ tự gửi email cho các máy
  **đã map email và chưa được báo**; `POST /v1/admin/ios/devices/notify` để gửi lại.
- Chỉ đánh dấu `notifiedAt` khi mail **thật sự gửi được** (sai cấu hình mailer thì lần sau gửi lại,
  không để khách không bao giờ nhận được link mà hệ thống tưởng đã báo).

## 3. Test
    control-plane$ npm test
    ℹ tests 191
    ℹ pass 191
    ℹ fail 0
Thêm 12 case: JWT ES256 verify được bằng public key, derToJose đủ 64 byte, request Apple đúng
URL/body/header, 409 = đã đăng ký, credential store 0600 + không lộ khoá, pendingNotify/markNotified,
email iOS ready 3 ngôn ngữ, guard route.

## 4. E2E thật trên instance LOCAL (khoá giả) — chứng minh code chạy hết đường
    GET  /v1/admin/ios/apple                      -> credentials.configured=false, error "Chưa cấu hình API key"
    POST .../register-apple (chưa có khoá)        -> HTTP 503 {"code":"asc_not_configured"}
    POST /v1/admin/ios/apple/credentials (khoá giả) -> ok=true, verified=false,
        verify_error="Provide a properly configured and signed bearer token..."  ← Apple THẬT trả lời
    POST .../register-apple (UDID có trong hệ thống, khoá giả) -> HTTP 502, error nguyên văn của Apple
    POST .../register-apple (UDID không có)        -> HTTP 404 "UDID này chưa đăng ký trong hệ thống"
    GET  /v1/admin/ios/devices                     -> appleError đã được ghi lại cho dashboard

### Bug tìm ra trong lúc test E2E (đã sửa)
Lỗi Apple từng bị che: `markAppleError()` throw "Không tìm thấy UDID" ⇒ API trả về thông báo sai,
chủ shop không biết Apple từ chối vì lý do gì. Nay lỗi Apple trả nguyên văn + route kiểm tra UDID
tồn tại trước (404 rõ ràng).

## 5. Deploy production (node-2 165.101.114.162)
    backup: /root/cp-backup-2026-09-15-004857 và 004202
    file: apple-devices.js (mới) · index.js · ios-devices.js · mailer.js · admin-page.js
    md5 khớp local từng file · node --check OK · flowvpn-cp active
    local: /buy 200 · /install/ios 200 · /v1/admin/ios/apple 401 (cần token)
    live : buy có khối Ad Hoc + UDID ✓ · admin có panel Apple (ascSave/ascRegisterAll/cột Apple) ✓

## 6. Chưa xong (cần chủ shop)
- **Cần khoá thật**: Issuer ID + Key ID + file `.p8` (App Store Connect → Users and Access →
  Integrations → App Store Connect API). Chưa nạp thì nút đăng ký Apple trả 503 và dashboard
  hiện "CHƯA cấu hình".
- **Tạo lại provisioning profile + ký IPA** vẫn làm trên máy Mac (App Store Connect API có thể tạo
  profile, nhưng bước ký/xuất IPA cần toolchain Mac — chưa đưa vào server).
- Provisioning profile hết hạn thì phải ký lại (Apple giới hạn profile Ad Hoc theo năm tài khoản).

## 7. CHỐT: luồng Ad Hoc OTA chạy thật trên iPhone của chủ shop (2026-09-15)

Kết quả cuối: **cài được app trên iPhone thật**.

    iPhone15,3 · iOS build 23H24 · serial RY9V76N62J · UDID 00008120-00010D102E40C01E
    → UDID về server (POST /install/ios/udid -> 200, ua="Profile/1.0")
    → tự đối chiếu Apple: "đã có trên Apple" (đăng ký từ 23/04/2026)
    → IPA đang phát đã có UDID này trong profile "VPNFlow AdHoc App/Tunnel" (hạn 19/07/2027)
    → manifest hợp lệ (com.privatevpn.app · build 13) → cài app thành công trên máy thật

### 5 lỗi phải sửa để đi hết đường (đều ở phía mình)

| # | Lỗi | Hậu quả khách thấy | Sửa |
|---|---|---|---|
| 1 | `.mobileconfig` bọc `Profile Service` trong `<array>` của profile `Configuration` | Cài được hồ sơ nhưng KHÔNG gửi UDID | `PayloadType` cấp cao nhất = `Profile Service`, `PayloadContent` = `<dict>` |
| 2 | `&token=` chèn thô vào XML | iOS báo **Invalid Profile** | `xmlEscape()` mọi giá trị nội suy |
| 3 | Trang poll theo UDID trong localStorage (khách không thấy trang callback) | Cài hồ sơ xong trang không biết ⇒ **không hiện nút cài app** | Thêm **mã phiên (sid)**: server sinh → vào link hồ sơ → callback lưu → trang poll `?session=`; đồng thời nút "Tải & cài" luôn hiện |
| 4 | Parser chỉ nhận form-urlencoded base64 | iOS gửi về mà server trả **400** | Nhận raw body + tự nhận dạng (plist thẳng / form / JSON) |
| 5 | Chưa hiểu body **CMS/PKCS#7** của iOS 26 | Vẫn 400 dù máy đã gửi UDID | Cắt plist XML trong khối nhị phân (`<?xml … </plist>`) trước khi xử lý |

### Ghi chú hành vi đã xác nhận
- iOS **vẫn hiện "Invalid Profile"** sau khi gửi UDID (đúng bản chất cơ chế Profile Service) ⇒ đã ghi
  rõ trong popup: *"máy bạn ĐÃ đăng ký xong"* (5 ngôn ngữ).
- iOS gửi `VERSION` là **số build** (23H24), không phải `26.0`.
- `Content-Disposition: attachment` làm Safari coi hồ sơ là file tải về ⇒ đã bỏ (không dùng lại).
- Mỗi lần mở trang, link hồ sơ có `&ts=` mới ⇒ không thể cài lại bản tải dở.

### File chẩn đoán
`/root/flowvpn-cp/data/last-ios-callback.txt` (0600, 8KB) giữ body cuối iOS gửi — chính nhờ nó mà
xác định được định dạng PKCS#7 thay vì đoán. Xoá được khi không cần nữa.

## 8. Paywall + mục Subscription theo yêu cầu chủ shop (2026-09-15)

### 8a. Paywall trong app: chỉ ĐĂNG KÝ TÀI KHOẢN + THANH TOÁN
- Trang `/buy` có chế độ `?inapp=1`: ẩn khối tải app (IPA/APK), ẩn hướng dẫn cài/Ad Hoc, ẩn link guide;
  giữ ô email (tạo tài khoản) + danh sách gói + nút thanh toán, kèm câu "bạn đã có app rồi…" (5 ngôn ngữ).
- iOS `SettingsView.swift` và Android `PaywallScreen.kt` mở paywall kèm `&inapp=1`.
- Verify LIVE: `/buy?inapp=1` không còn khối tải app; `/buy` thường vẫn đầy đủ (test 195/195 pass).

### 8b. Mục Subscription: đã mua ⇒ hiện gói đã mua + nút GIA HẠN
- Backend: `subscription_status.plan_badge` (từ plan-store qua hook `setPlanLabelResolver`) —
  một nguồn duy nhất, không phải dịch tên gói 3 lần. Verify:
  `monthly -> "Monthly"`, `quarterly -> "3 Months"`, `yearly -> "Yearly"`.
- iOS + macOS (`ContentView.swift`, `ContentViewMac.swift`) và Android (`MainScreen.kt`):
  - chưa mua ⇒ "Chọn gói để bắt đầu" + nút **Nâng cấp**
  - đã mua ⇒ `"<Tên gói> · Hết hạn <ngày> · Còn N ngày"` + nút **Gia hạn** (mở paywall để gia hạn/mua thêm)
  - gói vĩnh viễn (không có `expires_at`) ⇒ hiện "quyền đã mở"
  - Thẻ Subscription trước đây chỉ hiện khi CHƯA mua; nay hiện cả khi đã mua (mac: khi đã đăng nhập).
- Thêm 4 chuỗi (yourPlan / renew / expiresOn / daysLeft) cho 5 ngôn ngữ ở cả 3 nền tảng.
- Build kiểm tra: iOS simulator **PASS**, macOS **PASS**; control-plane **195/195** test pass.

## 9. Bấm Update trong app ⇒ tải + cài LUÔN (2026-09-15)

Trước đây: màn "Cập nhật bắt buộc" mở link web (`/install/ios` hoặc `/buy`) ⇒ khách phải vào trang cài
rồi bấm thêm 2 bước. Nay:

- Backend `iosVersionPayload` trả thêm `ipa_manifest_url` (`https://meetflowai.site/install/ios/manifest.plist`)
  + `install_page_url`. Verify qua API host:
  `ipa_manifest_url: https://meetflowai.site/install/ios/manifest.plist` ✓ (manifest HTTP 200, text/xml).
- iOS `AppVersionInfo.otaInstallURL` dựng `itms-services://?action=download-manifest&url=<manifest đã encode>`;
  `ForceUpdateView` bấm Update ⇒ mở URL này ⇒ **iOS tải IPA (đã ký kèm UDID máy) và cài luôn**.
  Không có manifest (server cũ) thì lùi về mở link web như trước — giữ tương thích.
- Build iOS: **BUILD SUCCEEDED**. control-plane: **196/196 pass**.

Ghi chú trạng thái 3 nền tảng khi bấm Update:
- iOS: cài trực tiếp qua OTA (mới đổi).
- Android: đã tải APK trực tiếp (bấm Update mở `/v1/downloads/android`, KHÔNG qua trang cài); muốn
  "tải trong app rồi mở trình cài" thì cần thêm FileProvider + REQUEST_INSTALL_PACKAGES (chưa làm).
- macOS: chưa có link build cho mac ⇒ nút Update vẫn mở web. Cần chốt cách phát bản mac (pkg/dmg/zip)
  rồi thêm `mac_url` vào payload.

## 10. Khách thật đăng ký máy mới ⇒ tự đăng ký Apple + ký lại IPA (2026-09-15 09:09)

Máy mới: **iPhone17,2 · iOS build 23G90 · serial FGK9MXW7T5 · UDID `00008140-00121C460C7B001C`**
(IP 39.144.54.4, ngôn ngữ hồ sơ `zh`).

Log control plane (KHÔNG cần ai làm gì):
```
09:09:16  ios-udid: MỚI 00008140-00121C460C7B001C (iPhone17,2 · iOS 23G90)
09:09:17  ios-udid: Apple → OK                 ← server tự đẩy UDID lên App Store Connect
09:09:19  ios-trace: POST /install/ios/udid -> 200 ua="Profile/1.0"
```
Kiểm chéo Apple: `VPNFlow 7B001C | 00008140-00121C460C7B001C | ENABLED | thêm 2026-09-15` ✓

Nhưng IPA đang phát **chưa** có UDID này ⇒ phải ký lại, nếu không khách bấm tải sẽ "Unable to Install".
Đã chạy pipeline có sẵn của repo:
```
scripts/ios-adhoc-export.sh --no-upload     # tạo lại profile Ad Hoc (ASC API) + export IPA
  → profile "VPNFlow AdHoc App"/"Tunnel" chứa 4 UDID
  → build/ios-adhoc-export/ipa/FlowVPN.ipa (4.945.796 bytes, sha256 9dc105c4aa5d6f05…, 1.3.3 build 13)
upload qua node-1 → /root/flowvpn-ipa/VPNFlow-latest.ipa
POST /v1/admin/ios/devices/built → buildSerial 6
```
Verify công khai: `GET /v1/downloads/ios` → 4.945.796 bytes, sha256 khớp bản build, profile có **cả 4 UDID**
(3 máy cũ + máy mới). Trang cài của máy mới: `{"registered":true,"ready":true}` ⇒ nút **Tải & cài** BẬT.

### Sự cố nhỏ trong lúc upload (tự gây, ~1–2 phút)
Lệnh upload đi vòng node-1 bị sai quoting ⇒ ghi **file IPA 0 byte** lên node-2 ⇒ route tải IPA trả file rỗng.
Đã khôi phục từ bản còn nguyên trên node-1, verify lại sha256 + parse profile.
**Bài học:** copy file lớn qua 2 chặng thì LUÔN kiểm `size` + `sha256` ở đích ngay trong cùng lệnh,
và không nối nhiều lệnh ssh bằng dấu `;` với quoting lồng nhau.
